Archive member included to satisfy reference by file (symbol)

/home/paramra/Ac6/SystemWorkbench/plugins/fr.ac6.mcu.externaltools.arm-none.linux64_1.13.1.201703061524/tools/compiler/bin/../lib/gcc/arm-none-eabi/5.4.1/../../../../arm-none-eabi/lib/armv7e-m/fpu/libc_nano.a(lib_a-exit.o)
                              /home/paramra/Ac6/SystemWorkbench/plugins/fr.ac6.mcu.externaltools.arm-none.linux64_1.13.1.201703061524/tools/compiler/bin/../lib/gcc/arm-none-eabi/5.4.1/../../../../arm-none-eabi/lib/armv7e-m/fpu/crt0.o (exit)
/home/paramra/Ac6/SystemWorkbench/plugins/fr.ac6.mcu.externaltools.arm-none.linux64_1.13.1.201703061524/tools/compiler/bin/../lib/gcc/arm-none-eabi/5.4.1/../../../../arm-none-eabi/lib/armv7e-m/fpu/libc_nano.a(lib_a-impure.o)
                              /home/paramra/Ac6/SystemWorkbench/plugins/fr.ac6.mcu.externaltools.arm-none.linux64_1.13.1.201703061524/tools/compiler/bin/../lib/gcc/arm-none-eabi/5.4.1/../../../../arm-none-eabi/lib/armv7e-m/fpu/libc_nano.a(lib_a-exit.o) (_global_impure_ptr)
/home/paramra/Ac6/SystemWorkbench/plugins/fr.ac6.mcu.externaltools.arm-none.linux64_1.13.1.201703061524/tools/compiler/bin/../lib/gcc/arm-none-eabi/5.4.1/../../../../arm-none-eabi/lib/armv7e-m/fpu/libc_nano.a(lib_a-init.o)
                              /home/paramra/Ac6/SystemWorkbench/plugins/fr.ac6.mcu.externaltools.arm-none.linux64_1.13.1.201703061524/tools/compiler/bin/../lib/gcc/arm-none-eabi/5.4.1/../../../../arm-none-eabi/lib/armv7e-m/fpu/crt0.o (__libc_init_array)
/home/paramra/Ac6/SystemWorkbench/plugins/fr.ac6.mcu.externaltools.arm-none.linux64_1.13.1.201703061524/tools/compiler/bin/../lib/gcc/arm-none-eabi/5.4.1/../../../../arm-none-eabi/lib/armv7e-m/fpu/libc_nano.a(lib_a-memset.o)
                              /home/paramra/Ac6/SystemWorkbench/plugins/fr.ac6.mcu.externaltools.arm-none.linux64_1.13.1.201703061524/tools/compiler/bin/../lib/gcc/arm-none-eabi/5.4.1/../../../../arm-none-eabi/lib/armv7e-m/fpu/crt0.o (memset)
/home/paramra/Ac6/SystemWorkbench/plugins/fr.ac6.mcu.externaltools.arm-none.linux64_1.13.1.201703061524/tools/compiler/bin/../lib/gcc/arm-none-eabi/5.4.1/../../../../arm-none-eabi/lib/armv7e-m/fpu/libnosys.a(_exit.o)
                              /home/paramra/Ac6/SystemWorkbench/plugins/fr.ac6.mcu.externaltools.arm-none.linux64_1.13.1.201703061524/tools/compiler/bin/../lib/gcc/arm-none-eabi/5.4.1/../../../../arm-none-eabi/lib/armv7e-m/fpu/libc_nano.a(lib_a-exit.o) (_exit)

Allocating common symbols
Common symbol       size              file

hdma_usart2_rx      0x60              Src/usart.o
htim4               0x3c              Src/tim.o
tmp_str             0x40              Src/gui.o
uwTick              0x4               Drivers/STM32F4xx_HAL_Driver/Src/stm32f4xx_hal.o
inputs_data         0x8               Src/gui.o
pFlash              0x20              Drivers/STM32F4xx_HAL_Driver/Src/stm32f4xx_hal_flash.o
hspi3               0x58              Src/spi.o
hdma_spi3_tx        0x60              Src/spi.o
hdma_usart2_tx      0x60              Src/usart.o
host2dev_cmd        0x28              Src/gui.o
htim2               0x3c              Src/tim.o
huart2              0x40              Src/usart.o

Discarded input sections

 .text          0x00000000        0x0 /home/paramra/Ac6/SystemWorkbench/plugins/fr.ac6.mcu.externaltools.arm-none.linux64_1.13.1.201703061524/tools/compiler/bin/../lib/gcc/arm-none-eabi/5.4.1/armv7e-m/fpu/crti.o
 .data          0x00000000        0x0 /home/paramra/Ac6/SystemWorkbench/plugins/fr.ac6.mcu.externaltools.arm-none.linux64_1.13.1.201703061524/tools/compiler/bin/../lib/gcc/arm-none-eabi/5.4.1/armv7e-m/fpu/crti.o
 .bss           0x00000000        0x0 /home/paramra/Ac6/SystemWorkbench/plugins/fr.ac6.mcu.externaltools.arm-none.linux64_1.13.1.201703061524/tools/compiler/bin/../lib/gcc/arm-none-eabi/5.4.1/armv7e-m/fpu/crti.o
 .data          0x00000000        0x4 /home/paramra/Ac6/SystemWorkbench/plugins/fr.ac6.mcu.externaltools.arm-none.linux64_1.13.1.201703061524/tools/compiler/bin/../lib/gcc/arm-none-eabi/5.4.1/armv7e-m/fpu/crtbegin.o
 .text          0x00000000       0x74 /home/paramra/Ac6/SystemWorkbench/plugins/fr.ac6.mcu.externaltools.arm-none.linux64_1.13.1.201703061524/tools/compiler/bin/../lib/gcc/arm-none-eabi/5.4.1/../../../../arm-none-eabi/lib/armv7e-m/fpu/crt0.o
 .data          0x00000000        0x0 /home/paramra/Ac6/SystemWorkbench/plugins/fr.ac6.mcu.externaltools.arm-none.linux64_1.13.1.201703061524/tools/compiler/bin/../lib/gcc/arm-none-eabi/5.4.1/../../../../arm-none-eabi/lib/armv7e-m/fpu/crt0.o
 .bss           0x00000000        0x0 /home/paramra/Ac6/SystemWorkbench/plugins/fr.ac6.mcu.externaltools.arm-none.linux64_1.13.1.201703061524/tools/compiler/bin/../lib/gcc/arm-none-eabi/5.4.1/../../../../arm-none-eabi/lib/armv7e-m/fpu/crt0.o
[...]
Memory Configuration

Name             Origin             Length             Attributes
RAM              0x20000000         0x00020000         xrw
FLASH            0x08000000         0x00080000         xr
*default*        0x00000000         0xffffffff

Linker script and memory map

LOAD /home/paramra/Ac6/SystemWorkbench/plugins/fr.ac6.mcu.externaltools.arm-none.linux64_1.13.1.201703061524/tools/compiler/bin/../lib/gcc/arm-none-eabi/5.4.1/armv7e-m/fpu/crti.o
LOAD /home/paramra/Ac6/SystemWorkbench/plugins/fr.ac6.mcu.externaltools.arm-none.linux64_1.13.1.201703061524/tools/compiler/bin/../lib/gcc/arm-none-eabi/5.4.1/armv7e-m/fpu/crtbegin.o
LOAD /home/paramra/Ac6/SystemWorkbench/plugins/fr.ac6.mcu.externaltools.arm-none.linux64_1.13.1.201703061524/tools/compiler/bin/../lib/gcc/arm-none-eabi/5.4.1/../../../../arm-none-eabi/lib/armv7e-m/fpu/crt0.o
LOAD /home/paramra/Ac6/SystemWorkbench/plugins/fr.ac6.mcu.externaltools.arm-none.linux64_1.13.1.201703061524/tools/compiler/bin/../lib/gcc/arm-none-eabi/5.4.1/../../../../arm-none-eabi/lib/armv7e-m/fpu/libm.a
LOAD Drivers/STM32F4xx_HAL_Driver/Src/stm32f4xx_hal.o
LOAD Drivers/STM32F4xx_HAL_Driver/Src/stm32f4xx_hal_cortex.o
LOAD Drivers/STM32F4xx_HAL_Driver/Src/stm32f4xx_hal_dma.o
LOAD Drivers/STM32F4xx_HAL_Driver/Src/stm32f4xx_hal_dma_ex.o
LOAD Drivers/STM32F4xx_HAL_Driver/Src/stm32f4xx_hal_flash.o
LOAD Drivers/STM32F4xx_HAL_Driver/Src/stm32f4xx_hal_flash_ex.o
LOAD Drivers/STM32F4xx_HAL_Driver/Src/stm32f4xx_hal_flash_ramfunc.o
LOAD Drivers/STM32F4xx_HAL_Driver/Src/stm32f4xx_hal_gpio.o
LOAD Drivers/STM32F4xx_HAL_Driver/Src/stm32f4xx_hal_pwr.o
LOAD Drivers/STM32F4xx_HAL_Driver/Src/stm32f4xx_hal_pwr_ex.o
LOAD Drivers/STM32F4xx_HAL_Driver/Src/stm32f4xx_hal_rcc.o
LOAD Drivers/STM32F4xx_HAL_Driver/Src/stm32f4xx_hal_rcc_ex.o
LOAD Drivers/STM32F4xx_HAL_Driver/Src/stm32f4xx_hal_spi.o
LOAD Drivers/STM32F4xx_HAL_Driver/Src/stm32f4xx_hal_tim.o
LOAD Drivers/STM32F4xx_HAL_Driver/Src/stm32f4xx_hal_tim_ex.o
LOAD Drivers/STM32F4xx_HAL_Driver/Src/stm32f4xx_hal_uart.o
LOAD Src/dma.o
LOAD Src/gpio.o
LOAD Src/gui.o
LOAD Src/main.o
LOAD Src/spi.o
LOAD Src/st7735.o
LOAD Src/stm32f4xx_hal_msp.o
LOAD Src/stm32f4xx_it.o
LOAD Src/system_stm32f4xx.o
LOAD Src/tim.o
LOAD Src/usart.o
LOAD startup/startup_stm32f411xe.o
START GROUP
LOAD /home/paramra/Ac6/SystemWorkbench/plugins/fr.ac6.mcu.externaltools.arm-none.linux64_1.13.1.201703061524/tools/compiler/bin/../lib/gcc/arm-none-eabi/5.4.1/armv7e-m/fpu/libgcc.a
LOAD /home/paramra/Ac6/SystemWorkbench/plugins/fr.ac6.mcu.externaltools.arm-none.linux64_1.13.1.201703061524/tools/compiler/bin/../lib/gcc/arm-none-eabi/5.4.1/../../../../arm-none-eabi/lib/armv7e-m/fpu/libc_nano.a
END GROUP
START GROUP
LOAD /home/paramra/Ac6/SystemWorkbench/plugins/fr.ac6.mcu.externaltools.arm-none.linux64_1.13.1.201703061524/tools/compiler/bin/../lib/gcc/arm-none-eabi/5.4.1/armv7e-m/fpu/libgcc.a
LOAD /home/paramra/Ac6/SystemWorkbench/plugins/fr.ac6.mcu.externaltools.arm-none.linux64_1.13.1.201703061524/tools/compiler/bin/../lib/gcc/arm-none-eabi/5.4.1/../../../../arm-none-eabi/lib/armv7e-m/fpu/libc_nano.a
LOAD /home/paramra/Ac6/SystemWorkbench/plugins/fr.ac6.mcu.externaltools.arm-none.linux64_1.13.1.201703061524/tools/compiler/bin/../lib/gcc/arm-none-eabi/5.4.1/../../../../arm-none-eabi/lib/armv7e-m/fpu/libnosys.a
END GROUP
START GROUP
LOAD /home/paramra/Ac6/SystemWorkbench/plugins/fr.ac6.mcu.externaltools.arm-none.linux64_1.13.1.201703061524/tools/compiler/bin/../lib/gcc/arm-none-eabi/5.4.1/armv7e-m/fpu/libgcc.a
LOAD /home/paramra/Ac6/SystemWorkbench/plugins/fr.ac6.mcu.externaltools.arm-none.linux64_1.13.1.201703061524/tools/compiler/bin/../lib/gcc/arm-none-eabi/5.4.1/../../../../arm-none-eabi/lib/armv7e-m/fpu/libc_nano.a
LOAD /home/paramra/Ac6/SystemWorkbench/plugins/fr.ac6.mcu.externaltools.arm-none.linux64_1.13.1.201703061524/tools/compiler/bin/../lib/gcc/arm-none-eabi/5.4.1/../../../../arm-none-eabi/lib/armv7e-m/fpu/libnosys.a
END GROUP
LOAD /home/paramra/Ac6/SystemWorkbench/plugins/fr.ac6.mcu.externaltools.arm-none.linux64_1.13.1.201703061524/tools/compiler/bin/../lib/gcc/arm-none-eabi/5.4.1/armv7e-m/fpu/crtend.o
LOAD /home/paramra/Ac6/SystemWorkbench/plugins/fr.ac6.mcu.externaltools.arm-none.linux64_1.13.1.201703061524/tools/compiler/bin/../lib/gcc/arm-none-eabi/5.4.1/armv7e-m/fpu/crtn.o
                0x20020000                _estack = 0x20020000
                0x00000200                _Min_Heap_Size = 0x200
                0x00000400                _Min_Stack_Size = 0x400

.isr_vector     0x08000000      0x198
                0x08000000                . = ALIGN (0x4)
 *(.isr_vector)
 .isr_vector    0x08000000      0x198 startup/startup_stm32f411xe.o
                0x08000000                g_pfnVectors
                0x08000198                . = ALIGN (0x4)

.text           0x08000198     0x30d4
                0x08000198                . = ALIGN (0x4)
 *(.text)
 .text          0x08000198       0x5c /home/paramra/Ac6/SystemWorkbench/plugins/fr.ac6.mcu.externaltools.arm-none.linux64_1.13.1.201703061524/tools/compiler/bin/../lib/gcc/arm-none-eabi/5.4.1/armv7e-m/fpu/crtbegin.o
 *(.text*)
 .text.HAL_InitTick
                0x080001f4       0x2c Drivers/STM32F4xx_HAL_Driver/Src/stm32f4xx_hal.o
                0x080001f4                HAL_InitTick
 .text.HAL_Init
                0x08000220       0x34 Drivers/STM32F4xx_HAL_Driver/Src/stm32f4xx_hal.o
                0x08000220                HAL_Init
 .text.HAL_IncTick
                0x08000254       0x10 Drivers/STM32F4xx_HAL_Driver/Src/stm32f4xx_hal.o
                0x08000254                HAL_IncTick
 .text.HAL_GetTick
                0x08000264        0xc Drivers/STM32F4xx_HAL_Driver/Src/stm32f4xx_hal.o
                0x08000264                HAL_GetTick
 .text.HAL_Delay
                0x08000270       0x24 Drivers/STM32F4xx_HAL_Driver/Src/stm32f4xx_hal.o
                0x08000270                HAL_Delay
 .text.HAL_NVIC_SetPriorityGrouping
                0x08000294       0x24 Drivers/STM32F4xx_HAL_Driver/Src/stm32f4xx_hal_cortex.o
                0x08000294                HAL_NVIC_SetPriorityGrouping
 .text.HAL_NVIC_SetPriority
                0x080002b8       0x64 Drivers/STM32F4xx_HAL_Driver/Src/stm32f4xx_hal_cortex.o
                0x080002b8                HAL_NVIC_SetPriority
 .text.HAL_NVIC_EnableIRQ
                0x0800031c       0x18 Drivers/STM32F4xx_HAL_Driver/Src/stm32f4xx_hal_cortex.o
                0x0800031c                HAL_NVIC_EnableIRQ
 .text.HAL_SYSTICK_Config
                0x08000334       0x2c Drivers/STM32F4xx_HAL_Driver/Src/stm32f4xx_hal_cortex.o
                0x08000334                HAL_SYSTICK_Config
 .text.HAL_SYSTICK_CLKSourceConfig
                0x08000360       0x20 Drivers/STM32F4xx_HAL_Driver/Src/stm32f4xx_hal_cortex.o
                0x08000360                HAL_SYSTICK_CLKSourceConfig
 .text.HAL_SYSTICK_Callback
                0x08000380        0x4 Drivers/STM32F4xx_HAL_Driver/Src/stm32f4xx_hal_cortex.o
                0x08000380                HAL_SYSTICK_Callback
 .text.HAL_SYSTICK_IRQHandler
                0x08000384        0x8 Drivers/STM32F4xx_HAL_Driver/Src/stm32f4xx_hal_cortex.o
                0x08000384                HAL_SYSTICK_IRQHandler
 .text.DMA_SetConfig
                0x0800038c       0x2c Drivers/STM32F4xx_HAL_Driver/Src/stm32f4xx_hal_dma.o
 .text.DMA_CalcBaseAndBitshift
                0x080003b8       0x3c Drivers/STM32F4xx_HAL_Driver/Src/stm32f4xx_hal_dma.o
 .text.DMA_CheckFifoParam
                0x080003f4       0x90 Drivers/STM32F4xx_HAL_Driver/Src/stm32f4xx_hal_dma.o
 .text.HAL_DMA_Init
                0x08000484       0xd0 Drivers/STM32F4xx_HAL_Driver/Src/stm32f4xx_hal_dma.o
                0x08000484                HAL_DMA_Init
 .text.HAL_DMA_DeInit
                0x08000554       0x58 Drivers/STM32F4xx_HAL_Driver/Src/stm32f4xx_hal_dma.o
                0x08000554                HAL_DMA_DeInit
 .text.HAL_DMA_Start_IT
                0x080005ac       0x74 Drivers/STM32F4xx_HAL_Driver/Src/stm32f4xx_hal_dma.o
                0x080005ac                HAL_DMA_Start_IT
 .text.HAL_DMA_Abort_IT
                0x08000620       0x28 Drivers/STM32F4xx_HAL_Driver/Src/stm32f4xx_hal_dma.o
                0x08000620                HAL_DMA_Abort_IT
 .text.HAL_DMA_IRQHandler
                0x08000648      0x1e0 Drivers/STM32F4xx_HAL_Driver/Src/stm32f4xx_hal_dma.o
                0x08000648                HAL_DMA_IRQHandler
 .text.HAL_GPIO_Init
                0x08000828      0x19c Drivers/STM32F4xx_HAL_Driver/Src/stm32f4xx_hal_gpio.o
                0x08000828                HAL_GPIO_Init
 .text.HAL_GPIO_DeInit
                0x080009c4       0xf4 Drivers/STM32F4xx_HAL_Driver/Src/stm32f4xx_hal_gpio.o
                0x080009c4                HAL_GPIO_DeInit
 .text.HAL_GPIO_WritePin
                0x08000ab8        0xc Drivers/STM32F4xx_HAL_Driver/Src/stm32f4xx_hal_gpio.o
                0x08000ab8                HAL_GPIO_WritePin
 .text.HAL_GPIO_TogglePin
                0x08000ac4        0x8 Drivers/STM32F4xx_HAL_Driver/Src/stm32f4xx_hal_gpio.o
                0x08000ac4                HAL_GPIO_TogglePin
 .text.HAL_GPIO_EXTI_Callback
                0x08000acc        0x4 Drivers/STM32F4xx_HAL_Driver/Src/stm32f4xx_hal_gpio.o
                0x08000acc                HAL_GPIO_EXTI_Callback
 .text.HAL_GPIO_EXTI_IRQHandler
                0x08000ad0       0x18 Drivers/STM32F4xx_HAL_Driver/Src/stm32f4xx_hal_gpio.o
                0x08000ad0                HAL_GPIO_EXTI_IRQHandler
 .text.HAL_RCC_OscConfig
                0x08000ae8      0x3c8 Drivers/STM32F4xx_HAL_Driver/Src/stm32f4xx_hal_rcc.o
                0x08000ae8                HAL_RCC_OscConfig
 .text.HAL_RCC_GetSysClockFreq
                0x08000eb0       0xa4 Drivers/STM32F4xx_HAL_Driver/Src/stm32f4xx_hal_rcc.o
                0x08000eb0                HAL_RCC_GetSysClockFreq
 .text.HAL_RCC_ClockConfig
                0x08000f54      0x1b0 Drivers/STM32F4xx_HAL_Driver/Src/stm32f4xx_hal_rcc.o
                0x08000f54                HAL_RCC_ClockConfig
 .text.HAL_RCC_GetHCLKFreq
                0x08001104        0xc Drivers/STM32F4xx_HAL_Driver/Src/stm32f4xx_hal_rcc.o
                0x08001104                HAL_RCC_GetHCLKFreq
 .text.HAL_RCC_GetPCLK1Freq
                0x08001110       0x30 Drivers/STM32F4xx_HAL_Driver/Src/stm32f4xx_hal_rcc.o
                0x08001110                HAL_RCC_GetPCLK1Freq
 .text.HAL_RCC_GetPCLK2Freq
                0x08001140       0x30 Drivers/STM32F4xx_HAL_Driver/Src/stm32f4xx_hal_rcc.o
                0x08001140                HAL_RCC_GetPCLK2Freq
 .text.SPI_WaitFlagStateUntilTimeout
                0x08001170       0x94 Drivers/STM32F4xx_HAL_Driver/Src/stm32f4xx_hal_spi.o
 .text.SPI_CheckFlag_BSY
                0x08001204       0x28 Drivers/STM32F4xx_HAL_Driver/Src/stm32f4xx_hal_spi.o
 .text.HAL_SPI_Init
                0x0800122c       0x84 Drivers/STM32F4xx_HAL_Driver/Src/stm32f4xx_hal_spi.o
                0x0800122c                HAL_SPI_Init
 .text.HAL_SPI_DeInit
                0x080012b0       0x2c Drivers/STM32F4xx_HAL_Driver/Src/stm32f4xx_hal_spi.o
                0x080012b0                HAL_SPI_DeInit
 .text.HAL_SPI_Transmit
                0x080012dc      0x1b0 Drivers/STM32F4xx_HAL_Driver/Src/stm32f4xx_hal_spi.o
                0x080012dc                HAL_SPI_Transmit
 .text.HAL_SPI_Transmit_DMA
                0x0800148c       0xc4 Drivers/STM32F4xx_HAL_Driver/Src/stm32f4xx_hal_spi.o
                0x0800148c                HAL_SPI_Transmit_DMA
 .text.HAL_SPI_TxCpltCallback
                0x08001550        0x4 Drivers/STM32F4xx_HAL_Driver/Src/stm32f4xx_hal_spi.o
                0x08001550                HAL_SPI_TxCpltCallback
 .text.HAL_SPI_TxHalfCpltCallback
                0x08001554        0x4 Drivers/STM32F4xx_HAL_Driver/Src/stm32f4xx_hal_spi.o
                0x08001554                HAL_SPI_TxHalfCpltCallback
 .text.SPI_DMAHalfTransmitCplt
                0x08001558        0xc Drivers/STM32F4xx_HAL_Driver/Src/stm32f4xx_hal_spi.o
 .text.HAL_SPI_ErrorCallback
                0x08001564        0x4 Drivers/STM32F4xx_HAL_Driver/Src/stm32f4xx_hal_spi.o
                0x08001564                HAL_SPI_ErrorCallback
 .text.SPI_DMAError
                0x08001568       0x24 Drivers/STM32F4xx_HAL_Driver/Src/stm32f4xx_hal_spi.o
 .text.SPI_DMATransmitCplt
                0x0800158c       0x68 Drivers/STM32F4xx_HAL_Driver/Src/stm32f4xx_hal_spi.o
 .text.HAL_SPI_GetState
                0x080015f4        0x8 Drivers/STM32F4xx_HAL_Driver/Src/stm32f4xx_hal_spi.o
                0x080015f4                HAL_SPI_GetState
 .text.TIM_TI1_ConfigInputStage
                0x080015fc       0x28 Drivers/STM32F4xx_HAL_Driver/Src/stm32f4xx_hal_tim.o
 .text.TIM_TI2_ConfigInputStage
                0x08001624       0x28 Drivers/STM32F4xx_HAL_Driver/Src/stm32f4xx_hal_tim.o
 .text.TIM_ITRx_SetConfig
                0x0800164c       0x10 Drivers/STM32F4xx_HAL_Driver/Src/stm32f4xx_hal_tim.o
 .text.TIM_ETR_SetConfig
                0x0800165c       0x1c Drivers/STM32F4xx_HAL_Driver/Src/stm32f4xx_hal_tim.o
 .text.HAL_TIM_Base_Start_IT
                0x08001678       0x18 Drivers/STM32F4xx_HAL_Driver/Src/stm32f4xx_hal_tim.o
                0x08001678                HAL_TIM_Base_Start_IT
 .text.HAL_TIM_ConfigClockSource
                0x08001690      0x114 Drivers/STM32F4xx_HAL_Driver/Src/stm32f4xx_hal_tim.o
                0x08001690                HAL_TIM_ConfigClockSource
 .text.HAL_TIM_PeriodElapsedCallback
                0x080017a4        0x4 Drivers/STM32F4xx_HAL_Driver/Src/stm32f4xx_hal_tim.o
                0x080017a4                HAL_TIM_PeriodElapsedCallback
 .text.HAL_TIM_OC_DelayElapsedCallback
                0x080017a8        0x4 Drivers/STM32F4xx_HAL_Driver/Src/stm32f4xx_hal_tim.o
                0x080017a8                HAL_TIM_OC_DelayElapsedCallback
 .text.HAL_TIM_IC_CaptureCallback
                0x080017ac        0x4 Drivers/STM32F4xx_HAL_Driver/Src/stm32f4xx_hal_tim.o
                0x080017ac                HAL_TIM_IC_CaptureCallback
 .text.HAL_TIM_PWM_PulseFinishedCallback
                0x080017b0        0x4 Drivers/STM32F4xx_HAL_Driver/Src/stm32f4xx_hal_tim.o
                0x080017b0                HAL_TIM_PWM_PulseFinishedCallback
 .text.HAL_TIM_TriggerCallback
                0x080017b4        0x4 Drivers/STM32F4xx_HAL_Driver/Src/stm32f4xx_hal_tim.o
                0x080017b4                HAL_TIM_TriggerCallback
 .text.HAL_TIM_IRQHandler
                0x080017b8      0x174 Drivers/STM32F4xx_HAL_Driver/Src/stm32f4xx_hal_tim.o
                0x080017b8                HAL_TIM_IRQHandler
 .text.TIM_Base_SetConfig
                0x0800192c       0xcc Drivers/STM32F4xx_HAL_Driver/Src/stm32f4xx_hal_tim.o
                0x0800192c                TIM_Base_SetConfig
 .text.HAL_TIM_Base_Init
                0x080019f8       0x38 Drivers/STM32F4xx_HAL_Driver/Src/stm32f4xx_hal_tim.o
                0x080019f8                HAL_TIM_Base_Init
 .text.HAL_TIM_Encoder_Init
                0x08001a30       0x9c Drivers/STM32F4xx_HAL_Driver/Src/stm32f4xx_hal_tim.o
                0x08001a30                HAL_TIM_Encoder_Init
 .text.TIM_CCxChannelCmd
                0x08001acc       0x20 Drivers/STM32F4xx_HAL_Driver/Src/stm32f4xx_hal_tim.o
                0x08001acc                TIM_CCxChannelCmd
 .text.HAL_TIM_Encoder_Start
                0x08001aec       0x48 Drivers/STM32F4xx_HAL_Driver/Src/stm32f4xx_hal_tim.o
                0x08001aec                HAL_TIM_Encoder_Start
 .text.HAL_TIMEx_MasterConfigSynchronization
                0x08001b34       0x54 Drivers/STM32F4xx_HAL_Driver/Src/stm32f4xx_hal_tim_ex.o
                0x08001b34                HAL_TIMEx_MasterConfigSynchronization
 .text.HAL_TIMEx_CommutationCallback
                0x08001b88        0x4 Drivers/STM32F4xx_HAL_Driver/Src/stm32f4xx_hal_tim_ex.o
                0x08001b88                HAL_TIMEx_CommutationCallback
 .text.HAL_TIMEx_BreakCallback
                0x08001b8c        0x4 Drivers/STM32F4xx_HAL_Driver/Src/stm32f4xx_hal_tim_ex.o
                0x08001b8c                HAL_TIMEx_BreakCallback
 .text.UART_EndTxTransfer
                0x08001b90       0x14 Drivers/STM32F4xx_HAL_Driver/Src/stm32f4xx_hal_uart.o
 .text.UART_EndRxTransfer
                0x08001ba4       0x1c Drivers/STM32F4xx_HAL_Driver/Src/stm32f4xx_hal_uart.o
 .text.UART_Transmit_IT
                0x08001bc0       0x6c Drivers/STM32F4xx_HAL_Driver/Src/stm32f4xx_hal_uart.o
 .text.UART_SetConfig
                0x08001c2c      0x32c Drivers/STM32F4xx_HAL_Driver/Src/stm32f4xx_hal_uart.o
 .text.HAL_UART_Init
                0x08001f58       0x64 Drivers/STM32F4xx_HAL_Driver/Src/stm32f4xx_hal_uart.o
                0x08001f58                HAL_UART_Init
 .text.HAL_UART_Transmit_DMA
                0x08001fbc       0x8c Drivers/STM32F4xx_HAL_Driver/Src/stm32f4xx_hal_uart.o
                0x08001fbc                HAL_UART_Transmit_DMA
 .text.HAL_UART_Receive_DMA
                0x08002048       0xa8 Drivers/STM32F4xx_HAL_Driver/Src/stm32f4xx_hal_uart.o
                0x08002048                HAL_UART_Receive_DMA
 .text.HAL_UART_TxCpltCallback
                0x080020f0        0x4 Drivers/STM32F4xx_HAL_Driver/Src/stm32f4xx_hal_uart.o
                0x080020f0                HAL_UART_TxCpltCallback
 .text.UART_DMATransmitCplt
                0x080020f4       0x30 Drivers/STM32F4xx_HAL_Driver/Src/stm32f4xx_hal_uart.o
 .text.UART_EndTransmit_IT
                0x08002124       0x1c Drivers/STM32F4xx_HAL_Driver/Src/stm32f4xx_hal_uart.o
 .text.HAL_UART_TxHalfCpltCallback
                0x08002140        0x4 Drivers/STM32F4xx_HAL_Driver/Src/stm32f4xx_hal_uart.o
                0x08002140                HAL_UART_TxHalfCpltCallback
 .text.UART_DMATxHalfCplt
                0x08002144        0xc Drivers/STM32F4xx_HAL_Driver/Src/stm32f4xx_hal_uart.o
 .text.HAL_UART_RxCpltCallback
                0x08002150        0x4 Drivers/STM32F4xx_HAL_Driver/Src/stm32f4xx_hal_uart.o
                0x08002150                HAL_UART_RxCpltCallback
 .text.UART_DMAReceiveCplt
                0x08002154       0x40 Drivers/STM32F4xx_HAL_Driver/Src/stm32f4xx_hal_uart.o
 .text.UART_Receive_IT
                0x08002194       0x94 Drivers/STM32F4xx_HAL_Driver/Src/stm32f4xx_hal_uart.o
 .text.HAL_UART_RxHalfCpltCallback
                0x08002228        0x4 Drivers/STM32F4xx_HAL_Driver/Src/stm32f4xx_hal_uart.o
                0x08002228                HAL_UART_RxHalfCpltCallback
 .text.UART_DMARxHalfCplt
                0x0800222c        0xc Drivers/STM32F4xx_HAL_Driver/Src/stm32f4xx_hal_uart.o
 .text.HAL_UART_ErrorCallback
                0x08002238        0x4 Drivers/STM32F4xx_HAL_Driver/Src/stm32f4xx_hal_uart.o
                0x08002238                HAL_UART_ErrorCallback
 .text.UART_DMAError
                0x0800223c       0x50 Drivers/STM32F4xx_HAL_Driver/Src/stm32f4xx_hal_uart.o
 .text.HAL_UART_IRQHandler
                0x0800228c      0x11c Drivers/STM32F4xx_HAL_Driver/Src/stm32f4xx_hal_uart.o
                0x0800228c                HAL_UART_IRQHandler
 .text.UART_DMAAbortOnError
                0x080023a8       0x10 Drivers/STM32F4xx_HAL_Driver/Src/stm32f4xx_hal_uart.o
 .text.MX_DMA_Init
                0x080023b8       0x54 Src/dma.o
                0x080023b8                MX_DMA_Init
 .text.MX_GPIO_Init
                0x0800240c      0x104 Src/gpio.o
                0x0800240c                MX_GPIO_Init
 .text.processUART
                0x08002510       0xb0 Src/gui.o
                0x08002510                processUART
 .text.processGUI
                0x080025c0       0x60 Src/gui.o
                0x080025c0                processGUI
 .text.MX_NVIC_Init
                0x08002620       0x34 Src/main.o
 .text._Error_Handler
                0x08002654        0x4 Src/main.o
                0x08002654                _Error_Handler
 .text.SystemClock_Config
                0x08002658       0xbc Src/main.o
                0x08002658                SystemClock_Config
 .text.main     0x08002714       0x60 Src/main.o
                0x08002714                main
 .text.MX_SPI3_Init
                0x08002774       0x4c Src/spi.o
                0x08002774                MX_SPI3_Init
 .text.HAL_SPI_MspInit
                0x080027c0       0x98 Src/spi.o
                0x080027c0                HAL_SPI_MspInit
 .text.HAL_SPI_MspDeInit
                0x08002858       0x38 Src/spi.o
                0x08002858                HAL_SPI_MspDeInit
 .text.setCS    0x08002890       0x14 Src/st7735.o
 .text.setRESET
                0x080028a4       0x14 Src/st7735.o
 .text.setA0    0x080028b8       0x14 Src/st7735.o
 .text.sendData
                0x080028cc       0x30 Src/st7735.o
 .text.sendCmd  0x080028fc       0x30 Src/st7735.o
 .text.st7735Init
                0x0800292c       0x60 Src/st7735.o
                0x0800292c                st7735Init
 .text.st7735SetRect
                0x0800298c       0x48 Src/st7735.o
                0x0800298c                st7735SetRect
 .text.st7735DrawPixel
                0x080029d4       0x20 Src/st7735.o
                0x080029d4                st7735DrawPixel
 .text.st7735FillRect
                0x080029f4       0x70 Src/st7735.o
                0x080029f4                st7735FillRect
 .text.st7735DrawRect
                0x08002a64       0x5c Src/st7735.o
                0x08002a64                st7735DrawRect
 .text.st7735DrawSymbol
                0x08002ac0       0xf4 Src/st7735.o
                0x08002ac0                st7735DrawSymbol
 .text.st7735DrawText
                0x08002bb4       0x34 Src/st7735.o
                0x08002bb4                st7735DrawText
 .text.drawDigit
                0x08002be8      0x104 Src/st7735.o
                0x08002be8                drawDigit
 .text.disp7Update
                0x08002cec       0xcc Src/st7735.o
                0x08002cec                disp7Update
 .text.HAL_MspInit
                0x08002db8       0x60 Src/stm32f4xx_hal_msp.o
                0x08002db8                HAL_MspInit
 .text.SysTick_Handler
                0x08002e18        0xc Src/stm32f4xx_it.o
                0x08002e18                SysTick_Handler
 .text.EXTI3_IRQHandler
                0x08002e24       0x18 Src/stm32f4xx_it.o
                0x08002e24                EXTI3_IRQHandler
 .text.DMA1_Stream5_IRQHandler
                0x08002e3c       0x10 Src/stm32f4xx_it.o
                0x08002e3c                DMA1_Stream5_IRQHandler
 .text.DMA1_Stream6_IRQHandler
                0x08002e4c       0x10 Src/stm32f4xx_it.o
                0x08002e4c                DMA1_Stream6_IRQHandler
 .text.TIM2_IRQHandler
                0x08002e5c       0x54 Src/stm32f4xx_it.o
                0x08002e5c                TIM2_IRQHandler
 .text.TIM4_IRQHandler
                0x08002eb0       0x10 Src/stm32f4xx_it.o
                0x08002eb0                TIM4_IRQHandler
 .text.USART2_IRQHandler
                0x08002ec0       0x10 Src/stm32f4xx_it.o
                0x08002ec0                USART2_IRQHandler
 .text.DMA1_Stream7_IRQHandler
                0x08002ed0       0x10 Src/stm32f4xx_it.o
                0x08002ed0                DMA1_Stream7_IRQHandler
 .text.SystemInit
                0x08002ee0       0x4c Src/system_stm32f4xx.o
                0x08002ee0                SystemInit
 .text.MX_TIM2_Init
                0x08002f2c       0x68 Src/tim.o
                0x08002f2c                MX_TIM2_Init
 .text.MX_TIM4_Init
                0x08002f94       0x74 Src/tim.o
                0x08002f94                MX_TIM4_Init
 .text.HAL_TIM_Encoder_MspInit
                0x08003008       0x4c Src/tim.o
                0x08003008                HAL_TIM_Encoder_MspInit
 .text.HAL_TIM_Base_MspInit
                0x08003054       0x30 Src/tim.o
                0x08003054                HAL_TIM_Base_MspInit
 .text.MX_USART2_UART_Init
                0x08003084       0x3c Src/usart.o
                0x08003084                MX_USART2_UART_Init
 .text.HAL_UART_MspInit
                0x080030c0       0xe4 Src/usart.o
                0x080030c0                HAL_UART_MspInit
 .text.Reset_Handler
                0x080031a4       0x50 startup/startup_stm32f411xe.o
                0x080031a4                Reset_Handler
 .text.Default_Handler
                0x080031f4        0x2 startup/startup_stm32f411xe.o
                0x080031f4                RTC_Alarm_IRQHandler
                0x080031f4                EXTI2_IRQHandler
                0x080031f4                DebugMon_Handler
                0x080031f4                SPI4_IRQHandler
                0x080031f4                TIM1_CC_IRQHandler
                0x080031f4                DMA2_Stream5_IRQHandler
                0x080031f4                HardFault_Handler
                0x080031f4                PVD_IRQHandler
                0x080031f4                SDIO_IRQHandler
                0x080031f4                TAMP_STAMP_IRQHandler
                0x080031f4                PendSV_Handler
                0x080031f4                NMI_Handler
                0x080031f4                TIM1_UP_TIM10_IRQHandler
                0x080031f4                I2C3_ER_IRQHandler
                0x080031f4                EXTI0_IRQHandler
                0x080031f4                I2C2_EV_IRQHandler
                0x080031f4                DMA1_Stream2_IRQHandler
                0x080031f4                FPU_IRQHandler
                0x080031f4                UsageFault_Handler
                0x080031f4                DMA2_Stream2_IRQHandler
                0x080031f4                SPI1_IRQHandler
                0x080031f4                TIM1_BRK_TIM9_IRQHandler
                0x080031f4                DMA2_Stream3_IRQHandler
                0x080031f4                USART6_IRQHandler
                0x080031f4                DMA2_Stream0_IRQHandler
                0x080031f4                I2C1_EV_IRQHandler
                0x080031f4                DMA1_Stream1_IRQHandler
                0x080031f4                TIM3_IRQHandler
                0x080031f4                RCC_IRQHandler
                0x080031f4                Default_Handler
                0x080031f4                EXTI15_10_IRQHandler
                0x080031f4                ADC_IRQHandler
                0x080031f4                SPI5_IRQHandler
                0x080031f4                TIM5_IRQHandler
                0x080031f4                DMA2_Stream7_IRQHandler
                0x080031f4                I2C3_EV_IRQHandler
                0x080031f4                EXTI9_5_IRQHandler
                0x080031f4                RTC_WKUP_IRQHandler
                0x080031f4                SPI2_IRQHandler
                0x080031f4                MemManage_Handler
                0x080031f4                DMA1_Stream0_IRQHandler
                0x080031f4                SVC_Handler
                0x080031f4                EXTI4_IRQHandler
                0x080031f4                WWDG_IRQHandler
                0x080031f4                OTG_FS_WKUP_IRQHandler
                0x080031f4                TIM1_TRG_COM_TIM11_IRQHandler
                0x080031f4                EXTI1_IRQHandler
                0x080031f4                I2C2_ER_IRQHandler
                0x080031f4                DMA2_Stream1_IRQHandler
                0x080031f4                FLASH_IRQHandler
                0x080031f4                DMA2_Stream4_IRQHandler
                0x080031f4                BusFault_Handler
                0x080031f4                USART1_IRQHandler
                0x080031f4                OTG_FS_IRQHandler
                0x080031f4                SPI3_IRQHandler
                0x080031f4                DMA1_Stream4_IRQHandler
                0x080031f4                I2C1_ER_IRQHandler
                0x080031f4                DMA2_Stream6_IRQHandler
                0x080031f4                DMA1_Stream3_IRQHandler
 *fill*         0x080031f6        0x2 
 .text.__libc_init_array
                0x080031f8       0x4c /home/paramra/Ac6/SystemWorkbench/plugins/fr.ac6.mcu.externaltools.arm-none.linux64_1.13.1.201703061524/tools/compiler/bin/../lib/gcc/arm-none-eabi/5.4.1/../../../../arm-none-eabi/lib/armv7e-m/fpu/libc_nano.a(lib_a-init.o)
                0x080031f8                __libc_init_array
 .text.memset   0x08003244       0x10 /home/paramra/Ac6/SystemWorkbench/plugins/fr.ac6.mcu.externaltools.arm-none.linux64_1.13.1.201703061524/tools/compiler/bin/../lib/gcc/arm-none-eabi/5.4.1/../../../../arm-none-eabi/lib/armv7e-m/fpu/libc_nano.a(lib_a-memset.o)
                0x08003244                memset
 *(.glue_7)
 .glue_7        0x08003254        0x0 linker stubs
 *(.glue_7t)
 .glue_7t       0x08003254        0x0 linker stubs
 *(.eh_frame)
 .eh_frame      0x08003254        0x0 /home/paramra/Ac6/SystemWorkbench/plugins/fr.ac6.mcu.externaltools.arm-none.linux64_1.13.1.201703061524/tools/compiler/bin/../lib/gcc/arm-none-eabi/5.4.1/armv7e-m/fpu/crtbegin.o
 *(.init)
 .init          0x08003254        0x4 /home/paramra/Ac6/SystemWorkbench/plugins/fr.ac6.mcu.externaltools.arm-none.linux64_1.13.1.201703061524/tools/compiler/bin/../lib/gcc/arm-none-eabi/5.4.1/armv7e-m/fpu/crti.o
                0x08003254                _init
 .init          0x08003258        0x8 /home/paramra/Ac6/SystemWorkbench/plugins/fr.ac6.mcu.externaltools.arm-none.linux64_1.13.1.201703061524/tools/compiler/bin/../lib/gcc/arm-none-eabi/5.4.1/armv7e-m/fpu/crtn.o
 *(.fini)
 .fini          0x08003260        0x4 /home/paramra/Ac6/SystemWorkbench/plugins/fr.ac6.mcu.externaltools.arm-none.linux64_1.13.1.201703061524/tools/compiler/bin/../lib/gcc/arm-none-eabi/5.4.1/armv7e-m/fpu/crti.o
                0x08003260                _fini
 .fini          0x08003264        0x8 /home/paramra/Ac6/SystemWorkbench/plugins/fr.ac6.mcu.externaltools.arm-none.linux64_1.13.1.201703061524/tools/compiler/bin/../lib/gcc/arm-none-eabi/5.4.1/armv7e-m/fpu/crtn.o
                0x0800326c                . = ALIGN (0x4)
                0x0800326c                _etext = .

.vfp11_veneer   0x0800326c        0x0
 .vfp11_veneer  0x0800326c        0x0 linker stubs

.v4_bx          0x0800326c        0x0
 .v4_bx         0x0800326c        0x0 linker stubs

.iplt           0x0800326c        0x0
 .iplt          0x0800326c        0x0 /home/paramra/Ac6/SystemWorkbench/plugins/fr.ac6.mcu.externaltools.arm-none.linux64_1.13.1.201703061524/tools/compiler/bin/../lib/gcc/arm-none-eabi/5.4.1/armv7e-m/fpu/crtbegin.o

.rodata         0x0800326c      0xcc0
                0x0800326c                . = ALIGN (0x4)
 *(.rodata)
 .rodata        0x0800326c        0x8 Drivers/STM32F4xx_HAL_Driver/Src/stm32f4xx_hal_dma.o
 .rodata        0x08003274      0xc40 Src/st7735.o
                0x08003274                NewBFontLAT
 .rodata        0x08003eb4       0x18 Src/system_stm32f4xx.o
                0x08003eb4                AHBPrescTable
                0x08003ec4                APBPrescTable
 *(.rodata*)
 .rodata.str1.4
                0x08003ecc       0x12 Src/gui.o
 *fill*         0x08003ede        0x2 
 .rodata.str1.4
                0x08003ee0       0x1a Src/main.o
 *fill*         0x08003efa        0x2 
 .rodata.str1.4
                0x08003efc        0xd Src/spi.o
 *fill*         0x08003f09        0x3 
 .rodata.str1.4
                0x08003f0c        0xd Src/tim.o
 *fill*         0x08003f19        0x3 
 .rodata.str1.4
                0x08003f1c       0x10 Src/usart.o
                                  0xf (size before relaxing)
                0x08003f2c                . = ALIGN (0x4)

.rel.dyn        0x08003f2c        0x0
 .rel.iplt      0x08003f2c        0x0 /home/paramra/Ac6/SystemWorkbench/plugins/fr.ac6.mcu.externaltools.arm-none.linux64_1.13.1.201703061524/tools/compiler/bin/../lib/gcc/arm-none-eabi/5.4.1/armv7e-m/fpu/crtbegin.o

.ARM.extab
 *(.ARM.extab* .gnu.linkonce.armextab.*)

.ARM            0x08003f2c        0x0
                0x08003f2c                __exidx_start = .
 *(.ARM.exidx*)
                0x08003f2c                __exidx_end = .

.preinit_array  0x08003f2c        0x0
                0x08003f2c                PROVIDE (__preinit_array_start, .)
 *(.preinit_array*)
                0x08003f2c                PROVIDE (__preinit_array_end, .)

.init_array     0x08003f2c        0x4
                0x08003f2c                PROVIDE (__init_array_start, .)
 *(SORT(.init_array.*))
 *(.init_array*)
 .init_array    0x08003f2c        0x4 /home/paramra/Ac6/SystemWorkbench/plugins/fr.ac6.mcu.externaltools.arm-none.linux64_1.13.1.201703061524/tools/compiler/bin/../lib/gcc/arm-none-eabi/5.4.1/armv7e-m/fpu/crtbegin.o
                0x08003f30                PROVIDE (__init_array_end, .)

.fini_array     0x08003f30        0x4
                [!provide]                PROVIDE (__fini_array_start, .)
 *(SORT(.fini_array.*))
 *(.fini_array*)
 .fini_array    0x08003f30        0x4 /home/paramra/Ac6/SystemWorkbench/plugins/fr.ac6.mcu.externaltools.arm-none.linux64_1.13.1.201703061524/tools/compiler/bin/../lib/gcc/arm-none-eabi/5.4.1/armv7e-m/fpu/crtbegin.o
                [!provide]                PROVIDE (__fini_array_end, .)
                0x08003f34                _sidata = LOADADDR (.data)

.data           0x20000000       0x24 load address 0x08003f34
                0x20000000                . = ALIGN (0x4)
                0x20000000                _sdata = .
 *(.data)
 .data          0x20000000        0xe Src/gui.o
                0x20000000                h2dev_ready
                0x20000004                henc
 *fill*         0x2000000e        0x2 
 .data          0x20000010        0xd Src/st7735.o
                0x20000010                decode
                0x2000001a                ds
                0x2000001b                dy
                0x2000001c                dx
 *fill*         0x2000001d        0x3 
 .data          0x20000020        0x4 Src/system_stm32f4xx.o
                0x20000020                SystemCoreClock
 *(.data*)
                0x20000024                . = ALIGN (0x4)
                0x20000024                _edata = .

.jcr            0x20000024        0x0 load address 0x08003f58
 .jcr           0x20000024        0x0 /home/paramra/Ac6/SystemWorkbench/plugins/fr.ac6.mcu.externaltools.arm-none.linux64_1.13.1.201703061524/tools/compiler/bin/../lib/gcc/arm-none-eabi/5.4.1/armv7e-m/fpu/crtbegin.o

.igot.plt       0x20000024        0x0 load address 0x08003f58
 .igot.plt      0x20000024        0x0 /home/paramra/Ac6/SystemWorkbench/plugins/fr.ac6.mcu.externaltools.arm-none.linux64_1.13.1.201703061524/tools/compiler/bin/../lib/gcc/arm-none-eabi/5.4.1/armv7e-m/fpu/crtbegin.o
                0x20000024                . = ALIGN (0x4)

.bss            0x20000024      0x2c0 load address 0x08003f58
                0x20000024                _sbss = .
                0x20000024                __bss_start__ = _sbss
 *(.bss)
 .bss           0x20000024       0x1c /home/paramra/Ac6/SystemWorkbench/plugins/fr.ac6.mcu.externaltools.arm-none.linux64_1.13.1.201703061524/tools/compiler/bin/../lib/gcc/arm-none-eabi/5.4.1/armv7e-m/fpu/crtbegin.o
 *(.bss*)
 *(COMMON)
 COMMON         0x20000040        0x4 Drivers/STM32F4xx_HAL_Driver/Src/stm32f4xx_hal.o
                0x20000040                uwTick
 COMMON         0x20000044       0x70 Src/gui.o
                0x20000044                tmp_str
                0x20000084                inputs_data
                0x2000008c                host2dev_cmd
 COMMON         0x200000b4       0xb8 Src/spi.o
                0x200000b4                hspi3
                0x2000010c                hdma_spi3_tx
 COMMON         0x2000016c       0x78 Src/tim.o
                0x2000016c                htim4
                0x200001a8                htim2
 COMMON         0x200001e4      0x100 Src/usart.o
                0x200001e4                hdma_usart2_rx
                0x20000244                hdma_usart2_tx
                0x200002a4                huart2
                0x200002e4                . = ALIGN (0x4)
                0x200002e4                _ebss = .
                0x200002e4                __bss_end__ = _ebss

._user_heap_stack
                0x200002e4      0x604 load address 0x08003f58
                0x200002e8                . = ALIGN (0x8)
 *fill*         0x200002e4        0x4 
                [!provide]                PROVIDE (end, .)
                [!provide]                PROVIDE (_end, .)
                0x200004e8                . = (. + _Min_Heap_Size)
 *fill*         0x200002e8      0x200 
                0x200008e8                . = (. + _Min_Stack_Size)
 *fill*         0x200004e8      0x400 
                0x200008e8                . = ALIGN (0x8)

/DISCARD/
 libc.a(*)
 libm.a(*)
 libgcc.a(*)

.ARM.attributes
                0x00000000       0x30
 *(.ARM.attributes)
 .ARM.attributes
                0x00000000       0x22 /home/paramra/Ac6/SystemWorkbench/plugins/fr.ac6.mcu.externaltools.arm-none.linux64_1.13.1.201703061524/tools/compiler/bin/../lib/gcc/arm-none-eabi/5.4.1/armv7e-m/fpu/crti.o
 .ARM.attributes
                0x00000022       0x34 /home/paramra/Ac6/SystemWorkbench/plugins/fr.ac6.mcu.externaltools.arm-none.linux64_1.13.1.201703061524/tools/compiler/bin/../lib/gcc/arm-none-eabi/5.4.1/armv7e-m/fpu/crtbegin.o
 .ARM.attributes
                0x00000056       0x39 Drivers/STM32F4xx_HAL_Driver/Src/stm32f4xx_hal.o
 .ARM.attributes
                0x0000008f       0x39 Drivers/STM32F4xx_HAL_Driver/Src/stm32f4xx_hal_cortex.o
 .ARM.attributes
                0x000000c8       0x39 Drivers/STM32F4xx_HAL_Driver/Src/stm32f4xx_hal_dma.o
 .ARM.attributes
                0x00000101       0x39 Drivers/STM32F4xx_HAL_Driver/Src/stm32f4xx_hal_gpio.o
 .ARM.attributes
                0x0000013a       0x39 Drivers/STM32F4xx_HAL_Driver/Src/stm32f4xx_hal_rcc.o
 .ARM.attributes
                0x00000173       0x39 Drivers/STM32F4xx_HAL_Driver/Src/stm32f4xx_hal_spi.o
 .ARM.attributes
                0x000001ac       0x39 Drivers/STM32F4xx_HAL_Driver/Src/stm32f4xx_hal_tim.o
 .ARM.attributes
                0x000001e5       0x39 Drivers/STM32F4xx_HAL_Driver/Src/stm32f4xx_hal_tim_ex.o
 .ARM.attributes
                0x0000021e       0x39 Drivers/STM32F4xx_HAL_Driver/Src/stm32f4xx_hal_uart.o
 .ARM.attributes
                0x00000257       0x39 Src/dma.o
 .ARM.attributes
                0x00000290       0x39 Src/gpio.o
 .ARM.attributes
                0x000002c9       0x39 Src/gui.o
 .ARM.attributes
                0x00000302       0x39 Src/main.o
 .ARM.attributes
                0x0000033b       0x39 Src/spi.o
 .ARM.attributes
                0x00000374       0x39 Src/st7735.o
 .ARM.attributes
                0x000003ad       0x39 Src/stm32f4xx_hal_msp.o
 .ARM.attributes
                0x000003e6       0x39 Src/stm32f4xx_it.o
 .ARM.attributes
                0x0000041f       0x39 Src/system_stm32f4xx.o
 .ARM.attributes
                0x00000458       0x39 Src/tim.o
 .ARM.attributes
                0x00000491       0x39 Src/usart.o
 .ARM.attributes
                0x000004ca       0x21 startup/startup_stm32f411xe.o
 .ARM.attributes
                0x000004eb       0x34 /home/paramra/Ac6/SystemWorkbench/plugins/fr.ac6.mcu.externaltools.arm-none.linux64_1.13.1.201703061524/tools/compiler/bin/../lib/gcc/arm-none-eabi/5.4.1/../../../../arm-none-eabi/lib/armv7e-m/fpu/libc_nano.a(lib_a-init.o)
 .ARM.attributes
                0x0000051f       0x34 /home/paramra/Ac6/SystemWorkbench/plugins/fr.ac6.mcu.externaltools.arm-none.linux64_1.13.1.201703061524/tools/compiler/bin/../lib/gcc/arm-none-eabi/5.4.1/../../../../arm-none-eabi/lib/armv7e-m/fpu/libc_nano.a(lib_a-memset.o)
 .ARM.attributes
                0x00000553       0x22 /home/paramra/Ac6/SystemWorkbench/plugins/fr.ac6.mcu.externaltools.arm-none.linux64_1.13.1.201703061524/tools/compiler/bin/../lib/gcc/arm-none-eabi/5.4.1/armv7e-m/fpu/crtn.o
OUTPUT(miscroF411.elf elf32-littlearm)

.debug_info     0x00000000    0x119fa
 .debug_info    0x00000000      0x8bc Drivers/STM32F4xx_HAL_Driver/Src/stm32f4xx_hal.o
 .debug_info    0x000008bc      0xe7d Drivers/STM32F4xx_HAL_Driver/Src/stm32f4xx_hal_cortex.o
 .debug_info    0x00001739      0xa5a Drivers/STM32F4xx_HAL_Driver/Src/stm32f4xx_hal_dma.o
 .debug_info    0x00002193      0x753 Drivers/STM32F4xx_HAL_Driver/Src/stm32f4xx_hal_gpio.o
 .debug_info    0x000028e6      0xd0f Drivers/STM32F4xx_HAL_Driver/Src/stm32f4xx_hal_rcc.o
 .debug_info    0x000035f5     0x19e2 Drivers/STM32F4xx_HAL_Driver/Src/stm32f4xx_hal_spi.o
 .debug_info    0x00004fd7     0x2e0c Drivers/STM32F4xx_HAL_Driver/Src/stm32f4xx_hal_tim.o
 .debug_info    0x00007de3     0x129d Drivers/STM32F4xx_HAL_Driver/Src/stm32f4xx_hal_tim_ex.o
 .debug_info    0x00009080     0x16ac Drivers/STM32F4xx_HAL_Driver/Src/stm32f4xx_hal_uart.o
 .debug_info    0x0000a72c      0x50d Src/dma.o
 .debug_info    0x0000ac39      0x544 Src/gpio.o
 .debug_info    0x0000b17d      0xd38 Src/gui.o
 .debug_info    0x0000beb5     0x1098 Src/main.o
 .debug_info    0x0000cf4d      0xa1d Src/spi.o
 .debug_info    0x0000d96a     0x1402 Src/st7735.o
 .debug_info    0x0000ed6c      0x34e Src/stm32f4xx_hal_msp.o
 .debug_info    0x0000f0ba      0x981 Src/stm32f4xx_it.o
 .debug_info    0x0000fa3b      0x52a Src/system_stm32f4xx.o
 .debug_info    0x0000ff65      0xe30 Src/tim.o
 .debug_info    0x00010d95      0xbf9 Src/usart.o
 .debug_info    0x0001198e       0x6c startup/startup_stm32f411xe.o

.debug_abbrev   0x00000000     0x27d8
 .debug_abbrev  0x00000000      0x287 Drivers/STM32F4xx_HAL_Driver/Src/stm32f4xx_hal.o
 .debug_abbrev  0x00000287      0x2fe Drivers/STM32F4xx_HAL_Driver/Src/stm32f4xx_hal_cortex.o
 .debug_abbrev  0x00000585      0x256 Drivers/STM32F4xx_HAL_Driver/Src/stm32f4xx_hal_dma.o
 .debug_abbrev  0x000007db      0x1cd Drivers/STM32F4xx_HAL_Driver/Src/stm32f4xx_hal_gpio.o
 .debug_abbrev  0x000009a8      0x2b0 Drivers/STM32F4xx_HAL_Driver/Src/stm32f4xx_hal_rcc.o
 .debug_abbrev  0x00000c58      0x23d Drivers/STM32F4xx_HAL_Driver/Src/stm32f4xx_hal_spi.o
 .debug_abbrev  0x00000e95      0x22a Drivers/STM32F4xx_HAL_Driver/Src/stm32f4xx_hal_tim.o
 .debug_abbrev  0x000010bf      0x22a Drivers/STM32F4xx_HAL_Driver/Src/stm32f4xx_hal_tim_ex.o
 .debug_abbrev  0x000012e9      0x27e Drivers/STM32F4xx_HAL_Driver/Src/stm32f4xx_hal_uart.o
 .debug_abbrev  0x00001567      0x126 Src/dma.o
 .debug_abbrev  0x0000168d      0x148 Src/gpio.o
 .debug_abbrev  0x000017d5      0x25c Src/gui.o
 .debug_abbrev  0x00001a31      0x21f Src/main.o
 .debug_abbrev  0x00001c50      0x1b3 Src/spi.o
 .debug_abbrev  0x00001e03      0x2dd Src/st7735.o
 .debug_abbrev  0x000020e0       0xc2 Src/stm32f4xx_hal_msp.o
 .debug_abbrev  0x000021a2      0x18c Src/stm32f4xx_it.o
 .debug_abbrev  0x0000232e      0x104 Src/system_stm32f4xx.o
 .debug_abbrev  0x00002432      0x1d8 Src/tim.o
 .debug_abbrev  0x0000260a      0x1bc Src/usart.o
 .debug_abbrev  0x000027c6       0x12 startup/startup_stm32f411xe.o

.debug_loc      0x00000000     0x9081
 .debug_loc     0x00000000       0x91 Drivers/STM32F4xx_HAL_Driver/Src/stm32f4xx_hal.o
 .debug_loc     0x00000091      0x548 Drivers/STM32F4xx_HAL_Driver/Src/stm32f4xx_hal_cortex.o
 .debug_loc     0x000005d9      0xa0b Drivers/STM32F4xx_HAL_Driver/Src/stm32f4xx_hal_dma.o
 .debug_loc     0x00000fe4      0x39a Drivers/STM32F4xx_HAL_Driver/Src/stm32f4xx_hal_gpio.o
 .debug_loc     0x0000137e      0x622 Drivers/STM32F4xx_HAL_Driver/Src/stm32f4xx_hal_rcc.o
 .debug_loc     0x000019a0     0x17a8 Drivers/STM32F4xx_HAL_Driver/Src/stm32f4xx_hal_spi.o
 .debug_loc     0x00003148     0x3284 Drivers/STM32F4xx_HAL_Driver/Src/stm32f4xx_hal_tim.o
 .debug_loc     0x000063cc      0xd74 Drivers/STM32F4xx_HAL_Driver/Src/stm32f4xx_hal_tim_ex.o
 .debug_loc     0x00007140     0x137a Drivers/STM32F4xx_HAL_Driver/Src/stm32f4xx_hal_uart.o
 .debug_loc     0x000084ba      0x231 Src/gui.o
 .debug_loc     0x000086eb       0x52 Src/spi.o
 .debug_loc     0x0000873d      0x752 Src/st7735.o
 .debug_loc     0x00008e8f      0x132 Src/system_stm32f4xx.o
 .debug_loc     0x00008fc1       0x6e Src/tim.o
 .debug_loc     0x0000902f       0x52 Src/usart.o

.debug_aranges  0x00000000      0xe18
 .debug_aranges
                0x00000000       0xc8 Drivers/STM32F4xx_HAL_Driver/Src/stm32f4xx_hal.o
 .debug_aranges
                0x000000c8       0xa8 Drivers/STM32F4xx_HAL_Driver/Src/stm32f4xx_hal_cortex.o
 .debug_aranges
                0x00000170       0x90 Drivers/STM32F4xx_HAL_Driver/Src/stm32f4xx_hal_dma.o
 .debug_aranges
                0x00000200       0x58 Drivers/STM32F4xx_HAL_Driver/Src/stm32f4xx_hal_gpio.o
 .debug_aranges
                0x00000258       0x88 Drivers/STM32F4xx_HAL_Driver/Src/stm32f4xx_hal_rcc.o
 .debug_aranges
                0x000002e0      0x1c8 Drivers/STM32F4xx_HAL_Driver/Src/stm32f4xx_hal_spi.o
 .debug_aranges
                0x000004a8      0x368 Drivers/STM32F4xx_HAL_Driver/Src/stm32f4xx_hal_tim.o
 .debug_aranges
                0x00000810      0x140 Drivers/STM32F4xx_HAL_Driver/Src/stm32f4xx_hal_tim_ex.o
 .debug_aranges
                0x00000950      0x1d0 Drivers/STM32F4xx_HAL_Driver/Src/stm32f4xx_hal_uart.o
 .debug_aranges
                0x00000b20       0x20 Src/dma.o
 .debug_aranges
                0x00000b40       0x20 Src/gpio.o
 .debug_aranges
                0x00000b60       0x70 Src/gui.o
 .debug_aranges
                0x00000bd0       0x40 Src/main.o
 .debug_aranges
                0x00000c10       0x30 Src/spi.o
 .debug_aranges
                0x00000c40       0x98 Src/st7735.o
 .debug_aranges
                0x00000cd8       0x20 Src/stm32f4xx_hal_msp.o
 .debug_aranges
                0x00000cf8       0x58 Src/stm32f4xx_it.o
 .debug_aranges
                0x00000d50       0x28 Src/system_stm32f4xx.o
 .debug_aranges
                0x00000d78       0x48 Src/tim.o
 .debug_aranges
                0x00000dc0       0x30 Src/usart.o
 .debug_aranges
                0x00000df0       0x28 startup/startup_stm32f411xe.o

.debug_ranges   0x00000000      0xcd0
 .debug_ranges  0x00000000       0xb8 Drivers/STM32F4xx_HAL_Driver/Src/stm32f4xx_hal.o
 .debug_ranges  0x000000b8       0x98 Drivers/STM32F4xx_HAL_Driver/Src/stm32f4xx_hal_cortex.o
 .debug_ranges  0x00000150       0x80 Drivers/STM32F4xx_HAL_Driver/Src/stm32f4xx_hal_dma.o
 .debug_ranges  0x000001d0       0x48 Drivers/STM32F4xx_HAL_Driver/Src/stm32f4xx_hal_gpio.o
 .debug_ranges  0x00000218       0x78 Drivers/STM32F4xx_HAL_Driver/Src/stm32f4xx_hal_rcc.o
 .debug_ranges  0x00000290      0x1b8 Drivers/STM32F4xx_HAL_Driver/Src/stm32f4xx_hal_spi.o
 .debug_ranges  0x00000448      0x358 Drivers/STM32F4xx_HAL_Driver/Src/stm32f4xx_hal_tim.o
 .debug_ranges  0x000007a0      0x130 Drivers/STM32F4xx_HAL_Driver/Src/stm32f4xx_hal_tim_ex.o
 .debug_ranges  0x000008d0      0x1c0 Drivers/STM32F4xx_HAL_Driver/Src/stm32f4xx_hal_uart.o
 .debug_ranges  0x00000a90       0x10 Src/dma.o
 .debug_ranges  0x00000aa0       0x10 Src/gpio.o
 .debug_ranges  0x00000ab0       0x60 Src/gui.o
 .debug_ranges  0x00000b10       0x30 Src/main.o
 .debug_ranges  0x00000b40       0x20 Src/spi.o
 .debug_ranges  0x00000b60       0x88 Src/st7735.o
 .debug_ranges  0x00000be8       0x10 Src/stm32f4xx_hal_msp.o
 .debug_ranges  0x00000bf8       0x48 Src/stm32f4xx_it.o
 .debug_ranges  0x00000c40       0x18 Src/system_stm32f4xx.o
 .debug_ranges  0x00000c58       0x38 Src/tim.o
 .debug_ranges  0x00000c90       0x20 Src/usart.o
 .debug_ranges  0x00000cb0       0x20 startup/startup_stm32f411xe.o

.debug_macro    0x00000000    0x187e8
 .debug_macro   0x00000000      0x39e Drivers/STM32F4xx_HAL_Driver/Src/stm32f4xx_hal.o
 .debug_macro   0x0000039e      0x898 Drivers/STM32F4xx_HAL_Driver/Src/stm32f4xx_hal.o
 .debug_macro   0x00000c36       0x16 Drivers/STM32F4xx_HAL_Driver/Src/stm32f4xx_hal.o
 .debug_macro   0x00000c4c       0x22 Drivers/STM32F4xx_HAL_Driver/Src/stm32f4xx_hal.o
 .debug_macro   0x00000c6e       0x22 Drivers/STM32F4xx_HAL_Driver/Src/stm32f4xx_hal.o
 .debug_macro   0x00000c90       0x87 Drivers/STM32F4xx_HAL_Driver/Src/stm32f4xx_hal.o
 .debug_macro   0x00000d17       0x44 Drivers/STM32F4xx_HAL_Driver/Src/stm32f4xx_hal.o
 .debug_macro   0x00000d5b       0xfd Drivers/STM32F4xx_HAL_Driver/Src/stm32f4xx_hal.o
 .debug_macro   0x00000e58       0x5e Drivers/STM32F4xx_HAL_Driver/Src/stm32f4xx_hal.o
 .debug_macro   0x00000eb6      0x1df Drivers/STM32F4xx_HAL_Driver/Src/stm32f4xx_hal.o
 .debug_macro   0x00001095       0xc4 Drivers/STM32F4xx_HAL_Driver/Src/stm32f4xx_hal.o
 .debug_macro   0x00001159      0x186 Drivers/STM32F4xx_HAL_Driver/Src/stm32f4xx_hal.o
 .debug_macro   0x000012df       0x33 Drivers/STM32F4xx_HAL_Driver/Src/stm32f4xx_hal.o
 .debug_macro   0x00001312       0x28 Drivers/STM32F4xx_HAL_Driver/Src/stm32f4xx_hal.o
 .debug_macro   0x0000133a       0x3b Drivers/STM32F4xx_HAL_Driver/Src/stm32f4xx_hal.o
 .debug_macro   0x00001375       0x50 Drivers/STM32F4xx_HAL_Driver/Src/stm32f4xx_hal.o
 .debug_macro   0x000013c5      0xe66 Drivers/STM32F4xx_HAL_Driver/Src/stm32f4xx_hal.o
 .debug_macro   0x0000222b     0xb906 Drivers/STM32F4xx_HAL_Driver/Src/stm32f4xx_hal.o
 .debug_macro   0x0000db31       0x43 Drivers/STM32F4xx_HAL_Driver/Src/stm32f4xx_hal.o
 .debug_macro   0x0000db74     0x3574 Drivers/STM32F4xx_HAL_Driver/Src/stm32f4xx_hal.o
 .debug_macro   0x000110e8       0x52 Drivers/STM32F4xx_HAL_Driver/Src/stm32f4xx_hal.o
 .debug_macro   0x0001113a       0x35 Drivers/STM32F4xx_HAL_Driver/Src/stm32f4xx_hal.o
 .debug_macro   0x0001116f       0x9c Drivers/STM32F4xx_HAL_Driver/Src/stm32f4xx_hal.o
 .debug_macro   0x0001120b       0x16 Drivers/STM32F4xx_HAL_Driver/Src/stm32f4xx_hal.o
 .debug_macro   0x00011221       0x97 Drivers/STM32F4xx_HAL_Driver/Src/stm32f4xx_hal.o
 .debug_macro   0x000112b8      0x30d Drivers/STM32F4xx_HAL_Driver/Src/stm32f4xx_hal.o
 .debug_macro   0x000115c5       0xfd Drivers/STM32F4xx_HAL_Driver/Src/stm32f4xx_hal.o
 .debug_macro   0x000116c2       0x10 Drivers/STM32F4xx_HAL_Driver/Src/stm32f4xx_hal.o
 .debug_macro   0x000116d2       0x52 Drivers/STM32F4xx_HAL_Driver/Src/stm32f4xx_hal.o
 .debug_macro   0x00011724       0x1f Drivers/STM32F4xx_HAL_Driver/Src/stm32f4xx_hal.o
 .debug_macro   0x00011743       0x43 Drivers/STM32F4xx_HAL_Driver/Src/stm32f4xx_hal.o
 .debug_macro   0x00011786       0x20 Drivers/STM32F4xx_HAL_Driver/Src/stm32f4xx_hal.o
 .debug_macro   0x000117a6      0x187 Drivers/STM32F4xx_HAL_Driver/Src/stm32f4xx_hal.o
 .debug_macro   0x0001192d       0x10 Drivers/STM32F4xx_HAL_Driver/Src/stm32f4xx_hal.o
 .debug_macro   0x0001193d       0x1c Drivers/STM32F4xx_HAL_Driver/Src/stm32f4xx_hal.o
 .debug_macro   0x00011959       0x52 Drivers/STM32F4xx_HAL_Driver/Src/stm32f4xx_hal.o
 .debug_macro   0x000119ab       0x40 Drivers/STM32F4xx_HAL_Driver/Src/stm32f4xx_hal.o
 .debug_macro   0x000119eb       0x10 Drivers/STM32F4xx_HAL_Driver/Src/stm32f4xx_hal.o
 .debug_macro   0x000119fb       0x40 Drivers/STM32F4xx_HAL_Driver/Src/stm32f4xx_hal.o
 .debug_macro   0x00011a3b       0xd7 Drivers/STM32F4xx_HAL_Driver/Src/stm32f4xx_hal.o
 .debug_macro   0x00011b12       0x16 Drivers/STM32F4xx_HAL_Driver/Src/stm32f4xx_hal.o
 .debug_macro   0x00011b28      0x18b Drivers/STM32F4xx_HAL_Driver/Src/stm32f4xx_hal.o
 .debug_macro   0x00011cb3       0x50 Drivers/STM32F4xx_HAL_Driver/Src/stm32f4xx_hal.o
 .debug_macro   0x00011d03      0x447 Drivers/STM32F4xx_HAL_Driver/Src/stm32f4xx_hal.o
 .debug_macro   0x0001214a      0x9e1 Drivers/STM32F4xx_HAL_Driver/Src/stm32f4xx_hal.o
 .debug_macro   0x00012b2b      0x11e Drivers/STM32F4xx_HAL_Driver/Src/stm32f4xx_hal.o
 .debug_macro   0x00012c49      0x11b Drivers/STM32F4xx_HAL_Driver/Src/stm32f4xx_hal.o
 .debug_macro   0x00012d64       0x27 Drivers/STM32F4xx_HAL_Driver/Src/stm32f4xx_hal.o
 .debug_macro   0x00012d8b      0x287 Drivers/STM32F4xx_HAL_Driver/Src/stm32f4xx_hal.o
 .debug_macro   0x00013012       0x5f Drivers/STM32F4xx_HAL_Driver/Src/stm32f4xx_hal.o
 .debug_macro   0x00013071      0x23a Drivers/STM32F4xx_HAL_Driver/Src/stm32f4xx_hal.o
 .debug_macro   0x000132ab      0x13a Drivers/STM32F4xx_HAL_Driver/Src/stm32f4xx_hal.o
 .debug_macro   0x000133e5      0x264 Drivers/STM32F4xx_HAL_Driver/Src/stm32f4xx_hal.o
 .debug_macro   0x00013649       0x2e Drivers/STM32F4xx_HAL_Driver/Src/stm32f4xx_hal.o
 .debug_macro   0x00013677      0x11e Drivers/STM32F4xx_HAL_Driver/Src/stm32f4xx_hal.o
 .debug_macro   0x00013795       0x85 Drivers/STM32F4xx_HAL_Driver/Src/stm32f4xx_hal.o
 .debug_macro   0x0001381a       0x89 Drivers/STM32F4xx_HAL_Driver/Src/stm32f4xx_hal.o
 .debug_macro   0x000138a3      0x202 Drivers/STM32F4xx_HAL_Driver/Src/stm32f4xx_hal.o
 .debug_macro   0x00013aa5      0x6e0 Drivers/STM32F4xx_HAL_Driver/Src/stm32f4xx_hal.o
 .debug_macro   0x00014185       0x5b Drivers/STM32F4xx_HAL_Driver/Src/stm32f4xx_hal.o
 .debug_macro   0x000141e0      0x14d Drivers/STM32F4xx_HAL_Driver/Src/stm32f4xx_hal.o
 .debug_macro   0x0001432d      0x287 Drivers/STM32F4xx_HAL_Driver/Src/stm32f4xx_hal.o
 .debug_macro   0x000145b4      0x11e Drivers/STM32F4xx_HAL_Driver/Src/stm32f4xx_hal.o
 .debug_macro   0x000146d2      0x33e Drivers/STM32F4xx_HAL_Driver/Src/stm32f4xx_hal_cortex.o
 .debug_macro   0x00014a10      0x345 Drivers/STM32F4xx_HAL_Driver/Src/stm32f4xx_hal_dma.o
 .debug_macro   0x00014d55      0x376 Drivers/STM32F4xx_HAL_Driver/Src/stm32f4xx_hal_gpio.o
 .debug_macro   0x000150cb      0x368 Drivers/STM32F4xx_HAL_Driver/Src/stm32f4xx_hal_rcc.o
 .debug_macro   0x00015433      0x346 Drivers/STM32F4xx_HAL_Driver/Src/stm32f4xx_hal_spi.o
 .debug_macro   0x00015779      0x33f Drivers/STM32F4xx_HAL_Driver/Src/stm32f4xx_hal_tim.o
 .debug_macro   0x00015ab8      0x33e Drivers/STM32F4xx_HAL_Driver/Src/stm32f4xx_hal_tim_ex.o
 .debug_macro   0x00015df6      0x33f Drivers/STM32F4xx_HAL_Driver/Src/stm32f4xx_hal_uart.o
 .debug_macro   0x00016135      0x348 Src/dma.o
 .debug_macro   0x0001647d      0x348 Src/gpio.o
 .debug_macro   0x000167c5      0x377 Src/gui.o
 .debug_macro   0x00016b3c      0x18c Src/gui.o
 .debug_macro   0x00016cc8       0x16 Src/gui.o
 .debug_macro   0x00016cde       0x35 Src/gui.o
 .debug_macro   0x00016d13      0x36e Src/main.o
 .debug_macro   0x00017081      0x35c Src/spi.o
 .debug_macro   0x000173dd      0x354 Src/st7735.o
 .debug_macro   0x00017731      0x33e Src/stm32f4xx_hal_msp.o
 .debug_macro   0x00017a6f      0x34c Src/stm32f4xx_it.o
 .debug_macro   0x00017dbb      0x34a Src/system_stm32f4xx.o
 .debug_macro   0x00018105       0x35 Src/system_stm32f4xx.o
 .debug_macro   0x0001813a      0x352 Src/tim.o
 .debug_macro   0x0001848c      0x35c Src/usart.o

.debug_line     0x00000000     0xd572
 .debug_line    0x00000000      0x98d Drivers/STM32F4xx_HAL_Driver/Src/stm32f4xx_hal.o
 .debug_line    0x0000098d      0x9ea Drivers/STM32F4xx_HAL_Driver/Src/stm32f4xx_hal_cortex.o
 .debug_line    0x00001377      0xaed Drivers/STM32F4xx_HAL_Driver/Src/stm32f4xx_hal_dma.o
 .debug_line    0x00001e64      0x944 Drivers/STM32F4xx_HAL_Driver/Src/stm32f4xx_hal_gpio.o
 .debug_line    0x000027a8      0xb0a Drivers/STM32F4xx_HAL_Driver/Src/stm32f4xx_hal_rcc.o
 .debug_line    0x000032b2     0x1158 Drivers/STM32F4xx_HAL_Driver/Src/stm32f4xx_hal_spi.o
 .debug_line    0x0000440a     0x16a0 Drivers/STM32F4xx_HAL_Driver/Src/stm32f4xx_hal_tim.o
 .debug_line    0x00005aaa      0xd84 Drivers/STM32F4xx_HAL_Driver/Src/stm32f4xx_hal_tim_ex.o
 .debug_line    0x0000682e     0x1087 Drivers/STM32F4xx_HAL_Driver/Src/stm32f4xx_hal_uart.o
 .debug_line    0x000078b5      0x7de Src/dma.o
 .debug_line    0x00008093      0x7f7 Src/gpio.o
 .debug_line    0x0000888a      0x8d9 Src/gui.o
 .debug_line    0x00009163      0x888 Src/main.o
 .debug_line    0x000099eb      0x835 Src/spi.o
 .debug_line    0x0000a220      0x9cf Src/st7735.o
 .debug_line    0x0000abef      0x7e3 Src/stm32f4xx_hal_msp.o
 .debug_line    0x0000b3d2      0x86a Src/stm32f4xx_it.o
 .debug_line    0x0000bc3c      0x806 Src/system_stm32f4xx.o
 .debug_line    0x0000c442      0x86b Src/tim.o
 .debug_line    0x0000ccad      0x846 Src/usart.o
 .debug_line    0x0000d4f3       0x7f startup/startup_stm32f411xe.o

.debug_str      0x00000000    0x88262
 .debug_str     0x00000000    0x84cad Drivers/STM32F4xx_HAL_Driver/Src/stm32f4xx_hal.o
                              0x8502a (size before relaxing)
 .debug_str     0x00084cad      0x3b8 Drivers/STM32F4xx_HAL_Driver/Src/stm32f4xx_hal_cortex.o
                              0x84de0 (size before relaxing)
 .debug_str     0x00085065      0x53c Drivers/STM32F4xx_HAL_Driver/Src/stm32f4xx_hal_dma.o
                              0x84abd (size before relaxing)
 .debug_str     0x000855a1      0x292 Drivers/STM32F4xx_HAL_Driver/Src/stm32f4xx_hal_gpio.o
                              0x848dd (size before relaxing)
 .debug_str     0x00085833      0x39c Drivers/STM32F4xx_HAL_Driver/Src/stm32f4xx_hal_rcc.o
                              0x84ada (size before relaxing)
 .debug_str     0x00085bcf      0x6c8 Drivers/STM32F4xx_HAL_Driver/Src/stm32f4xx_hal_spi.o
                              0x84ec1 (size before relaxing)
 .debug_str     0x00086297      0xe82 Drivers/STM32F4xx_HAL_Driver/Src/stm32f4xx_hal_tim.o
                              0x856c1 (size before relaxing)
 .debug_str     0x00087119      0x4f4 Drivers/STM32F4xx_HAL_Driver/Src/stm32f4xx_hal_tim_ex.o
                              0x84f81 (size before relaxing)
 .debug_str     0x0008760d      0x680 Drivers/STM32F4xx_HAL_Driver/Src/stm32f4xx_hal_uart.o
                              0x84f10 (size before relaxing)
 .debug_str     0x00087c8d       0x22 Src/dma.o
                              0x849af (size before relaxing)
 .debug_str     0x00087caf       0x25 Src/gpio.o
                              0x846b1 (size before relaxing)
 .debug_str     0x00087cd4      0x295 Src/gui.o
                              0x84bea (size before relaxing)
 .debug_str     0x00087f69       0xa7 Src/main.o
                              0x85111 (size before relaxing)
 .debug_str     0x00088010       0x2a Src/spi.o
                              0x84b62 (size before relaxing)
 .debug_str     0x0008803a       0x8a Src/st7735.o
                              0x84b34 (size before relaxing)
 .debug_str     0x000880c4       0x1b Src/stm32f4xx_hal_msp.o
                              0x84895 (size before relaxing)
 .debug_str     0x000880df       0xe1 Src/stm32f4xx_it.o
                              0x84c4a (size before relaxing)
 .debug_str     0x000881c0       0x5a Src/system_stm32f4xx.o
                              0x846c5 (size before relaxing)
 .debug_str     0x0008821a       0x2e Src/tim.o
                              0x850c8 (size before relaxing)
 .debug_str     0x00088248       0x1a Src/usart.o
                              0x84f28 (size before relaxing)

.comment        0x00000000       0x6e
 .comment       0x00000000       0x6e Drivers/STM32F4xx_HAL_Driver/Src/stm32f4xx_hal.o
                                 0x6f (size before relaxing)
 .comment       0x0000006e       0x6f Drivers/STM32F4xx_HAL_Driver/Src/stm32f4xx_hal_cortex.o
 .comment       0x0000006e       0x6f Drivers/STM32F4xx_HAL_Driver/Src/stm32f4xx_hal_dma.o
 .comment       0x0000006e       0x6f Drivers/STM32F4xx_HAL_Driver/Src/stm32f4xx_hal_gpio.o
 .comment       0x0000006e       0x6f Drivers/STM32F4xx_HAL_Driver/Src/stm32f4xx_hal_rcc.o
 .comment       0x0000006e       0x6f Drivers/STM32F4xx_HAL_Driver/Src/stm32f4xx_hal_spi.o
 .comment       0x0000006e       0x6f Drivers/STM32F4xx_HAL_Driver/Src/stm32f4xx_hal_tim.o
 .comment       0x0000006e       0x6f Drivers/STM32F4xx_HAL_Driver/Src/stm32f4xx_hal_tim_ex.o
 .comment       0x0000006e       0x6f Drivers/STM32F4xx_HAL_Driver/Src/stm32f4xx_hal_uart.o
 .comment       0x0000006e       0x6f Src/dma.o
 .comment       0x0000006e       0x6f Src/gpio.o
 .comment       0x0000006e       0x6f Src/gui.o
 .comment       0x0000006e       0x6f Src/main.o
 .comment       0x0000006e       0x6f Src/spi.o
 .comment       0x0000006e       0x6f Src/st7735.o
 .comment       0x0000006e       0x6f Src/stm32f4xx_hal_msp.o
 .comment       0x0000006e       0x6f Src/stm32f4xx_it.o
 .comment       0x0000006e       0x6f Src/system_stm32f4xx.o
 .comment       0x0000006e       0x6f Src/tim.o
 .comment       0x0000006e       0x6f Src/usart.o

.debug_frame    0x00000000     0x2554
 .debug_frame   0x00000000      0x198 Drivers/STM32F4xx_HAL_Driver/Src/stm32f4xx_hal.o
 .debug_frame   0x00000198      0x154 Drivers/STM32F4xx_HAL_Driver/Src/stm32f4xx_hal_cortex.o
 .debug_frame   0x000002ec      0x184 Drivers/STM32F4xx_HAL_Driver/Src/stm32f4xx_hal_dma.o
 .debug_frame   0x00000470       0xc4 Drivers/STM32F4xx_HAL_Driver/Src/stm32f4xx_hal_gpio.o
 .debug_frame   0x00000534      0x150 Drivers/STM32F4xx_HAL_Driver/Src/stm32f4xx_hal_rcc.o
 .debug_frame   0x00000684      0x548 Drivers/STM32F4xx_HAL_Driver/Src/stm32f4xx_hal_spi.o
 .debug_frame   0x00000bcc      0x9cc Drivers/STM32F4xx_HAL_Driver/Src/stm32f4xx_hal_tim.o
 .debug_frame   0x00001598      0x3b0 Drivers/STM32F4xx_HAL_Driver/Src/stm32f4xx_hal_tim_ex.o
 .debug_frame   0x00001948      0x4e8 Drivers/STM32F4xx_HAL_Driver/Src/stm32f4xx_hal_uart.o
 .debug_frame   0x00001e30       0x30 Src/dma.o
 .debug_frame   0x00001e60       0x38 Src/gpio.o
 .debug_frame   0x00001e98      0x138 Src/gui.o
 .debug_frame   0x00001fd0       0x8c Src/main.o
 .debug_frame   0x0000205c       0x6c Src/spi.o
 .debug_frame   0x000020c8      0x1fc Src/st7735.o
 .debug_frame   0x000022c4       0x28 Src/stm32f4xx_hal_msp.o
 .debug_frame   0x000022ec       0xd0 Src/stm32f4xx_it.o
 .debug_frame   0x000023bc       0x30 Src/system_stm32f4xx.o
 .debug_frame   0x000023ec       0xb0 Src/tim.o
 .debug_frame   0x0000249c       0x6c Src/usart.o
 .debug_frame   0x00002508       0x2c /home/paramra/Ac6/SystemWorkbench/plugins/fr.ac6.mcu.externaltools.arm-none.linux64_1.13.1.201703061524/tools/compiler/bin/../lib/gcc/arm-none-eabi/5.4.1/../../../../arm-none-eabi/lib/armv7e-m/fpu/libc_nano.a(lib_a-init.o)
 .debug_frame   0x00002534       0x20 /home/paramra/Ac6/SystemWorkbench/plugins/fr.ac6.mcu.externaltools.arm-none.linux64_1.13.1.201703061524/tools/compiler/bin/../lib/gcc/arm-none-eabi/5.4.1/../../../../arm-none-eabi/lib/armv7e-m/fpu/libc_nano.a(lib_a-memset.o)
